// Jest Snapshot v1, https://goo.gl/fbAQLP

exports[`LocaleContext WHEN rendered 1`] = `<div />`;
