// Jest Snapshot v1, https://goo.gl/fbAQLP

exports[`<ToolbarContent /> SHOULD render 1`] = `
<div>
  <div
    class="MuiTypography-root MuiTypography-h6 MuiTypography-noWrap css-1futezt-MuiTypography-root"
  >
    Element Home Task
  </div>
</div>
`;
